// Jest Snapshot v1, https://goo.gl/fbAQLP

exports[`Matches snapshot 1`] = `
<div
  className="modal-overlay"
  data-testid="modal"
  id="modal-overlay"
>
  <div
    className="modal-overlay__modal"
  >
    <article
      className="frame"
      data-testid="frame"
    >
      <img
        alt="Image is copyright of CCO, sourced by unknown."
        src="https://splashbase.s3.amazonaws.com/unsplash/large/14ZGHd9"
      />
    </article>
    <button
      className="Close"
      data-testid="button"
    >
      <span>
        Close
      </span>
    </button>
  </div>
</div>
`;
